[25/05/2026 16:01:23,68] ========================================= 
[25/05/2026 16:01:23,69] DEPLOIEMENT DEMARRE 
[25/05/2026 16:01:23,70] ========================================= 
[25/05/2026 16:01:23,71] Repertoire de travail: C:\Users\FlashSh\Downloads\nexus-theme 
[25/05/2026 16:01:23,71] Verification du statut git... 
?? logs/deploy_20262505_160123.log
[25/05/2026 16:01:23,79] Ajout de tous les fichiers... 
warning: in the working copy of 'logs/deploy_20262505_160123.log', LF will be replaced by CRLF the next time Git touches it
[25/05/2026 16:01:23,87] Fichiers ajoutes avec succes 
[25/05/2026 16:01:28,50] Message de commit: Mise a jour 
[25/05/2026 16:01:28,51] Creation du commit... 
[master 0fcd97b] Mise a jour
 1 file changed, 7 insertions(+)
 create mode 100644 logs/deploy_20262505_160123.log
[25/05/2026 16:01:28,78] Envoi vers GitHub (branch master)... 
To https://github.com/Flashdpadsfd/nexus-theme.git
   1d5b692..0fcd97b  master -> master
[25/05/2026 16:01:30,90] Push reussi vers GitHub 
[25/05/2026 16:01:30,97] Hash du commit: 0fcd97b 
[25/05/2026 16:01:31,04] Repository: https://github.com/Flashdpadsfd/nexus-theme.git 
[25/05/2026 16:01:31,13] ========================================= 
[25/05/2026 16:01:31,13] DEPLOIEMENT TERMINE AVEC SUCCES 
[25/05/2026 16:01:31,13] ========================================= 
[25/05/2026 16:01:31,14] Log complet: logs\deploy_20262505_160123.log 
