[10/06/2026 23:11:54,12] ========================================= 
[10/06/2026 23:11:54,12] DEPLOIEMENT DEMARRE 
[10/06/2026 23:11:54,13] ========================================= 
[10/06/2026 23:11:54,14] Repertoire de travail: C:\Users\FlashSh\Downloads\nexus-theme 
[10/06/2026 23:11:54,14] Verification du statut git... 
?? logs/deploy_20261006_231154.log
[10/06/2026 23:11:54,20] Ajout de tous les fichiers... 
warning: in the working copy of 'logs/deploy_20261006_231154.log', LF will be replaced by CRLF the next time Git touches it
[10/06/2026 23:11:54,26] Fichiers ajoutes avec succes 
[10/06/2026 23:11:55,01] Message de commit: mise a jour 
[10/06/2026 23:11:55,01] Creation du commit... 
[master eeb64dd] mise a jour
 1 file changed, 7 insertions(+)
 create mode 100644 logs/deploy_20261006_231154.log
[10/06/2026 23:11:55,12] Envoi vers GitHub (branch master)... 
To https://github.com/Flashdpadsfd/nexus-theme.git
   1c55c84..eeb64dd  master -> master
[10/06/2026 23:11:57,18] Push reussi vers GitHub 
[10/06/2026 23:11:57,23] Hash du commit: eeb64dd 
[10/06/2026 23:11:57,29] Repository: https://github.com/Flashdpadsfd/nexus-theme.git 
[10/06/2026 23:11:57,29] ========================================= 
[10/06/2026 23:11:57,30] DEPLOIEMENT TERMINE AVEC SUCCES 
[10/06/2026 23:11:57,30] ========================================= 
[10/06/2026 23:11:57,30] Log complet: logs\deploy_20261006_231154.log 
